// Vitest Snapshot v1, https://vitest.dev/guide/snapshot.html

exports[`SWAPI - Root > GET - / 1`] = `
{
  "films": "https://swapi.dev/api/films/",
  "people": "https://swapi.dev/api/people/",
  "planets": "https://swapi.dev/api/planets/",
  "species": "https://swapi.dev/api/species/",
  "starships": "https://swapi.dev/api/starships/",
  "vehicles": "https://swapi.dev/api/vehicles/",
}
`;
