// Vitest Snapshot v1, https://vitest.dev/guide/snapshot.html

exports[`LogSnag - Log > POST - /log 1`] = `
{
  "channel": "untyped",
  "description": "A basic test event from the \`@untyped/logsnag\` package",
  "event": "Test",
  "icon": "ðŸ‘‹",
  "notify": false,
  "parser": "text",
  "project": "nuro",
}
`;
