// Vitest Snapshot v1, https://vitest.dev/guide/snapshot.html

exports[`SpaceX -  > GET - /capsules/:id 1`] = `
{
  "id": "5e9e2c5bf35918ed873b2664",
  "land_landings": 0,
  "last_update": "Hanging in atrium at SpaceX HQ in Hawthorne ",
  "launches": [
    "5eb87cdeffd86e000604b330",
  ],
  "reuse_count": 0,
  "serial": "C101",
  "status": "retired",
  "type": "Dragon 1.0",
  "water_landings": 1,
}
`;
