// Vitest Snapshot v1, https://vitest.dev/guide/snapshot.html

exports[`SpaceX - Launches > GET - /v4/launches 1`] = `
{
  "auto_update": true,
  "capsules": [],
  "cores": [
    {
      "core": "5e9e289df35918033d3b2623",
      "flight": 1,
      "gridfins": false,
      "landing_attempt": false,
      "landing_success": null,
      "landing_type": null,
      "landpad": null,
      "legs": false,
      "reused": false,
    },
  ],
  "crew": [],
  "date_local": "2006-03-25T10:30:00+12:00",
  "date_precision": "hour",
  "date_unix": 1143239400,
  "date_utc": "2006-03-24T22:30:00.000Z",
  "details": "Engine failure at 33 seconds and loss of vehicle",
  "failures": [
    {
      "altitude": null,
      "reason": "merlin engine failure",
      "time": 33,
    },
  ],
  "fairings": {
    "recovered": false,
    "recovery_attempt": false,
    "reused": false,
    "ships": [],
  },
  "flight_number": 1,
  "id": "5eb87cd9ffd86e000604b32a",
  "launch_library_id": null,
  "launchpad": "5e9e4502f5090995de566f86",
  "links": {
    "article": "https://www.space.com/2196-spacex-inaugural-falcon-1-rocket-lost-launch.html",
    "flickr": {
      "original": [],
      "small": [],
    },
    "patch": {
      "large": "https://images2.imgbox.com/5b/02/QcxHUb5V_o.png",
      "small": "https://images2.imgbox.com/94/f2/NN6Ph45r_o.png",
    },
    "presskit": null,
    "reddit": {
      "campaign": null,
      "launch": null,
      "media": null,
      "recovery": null,
    },
    "webcast": "https://www.youtube.com/watch?v=0a_00nJ_Y88",
    "wikipedia": "https://en.wikipedia.org/wiki/DemoSat",
    "youtube_id": "0a_00nJ_Y88",
  },
  "name": "FalconSat",
  "net": false,
  "payloads": [
    "5eb0e4b5b6c3bb0006eeb1e1",
  ],
  "rocket": "5e9d0d95eda69955f709d1eb",
  "ships": [],
  "static_fire_date_unix": 1142553600,
  "static_fire_date_utc": "2006-03-17T00:00:00.000Z",
  "success": false,
  "tbd": false,
  "upcoming": false,
  "window": 0,
}
`;

exports[`SpaceX - Launches > GET - /v4/launches/:id 1`] = `
{
  "auto_update": true,
  "capsules": [],
  "cores": [
    {
      "core": "5e9e289df35918033d3b2623",
      "flight": 1,
      "gridfins": false,
      "landing_attempt": false,
      "landing_success": null,
      "landing_type": null,
      "landpad": null,
      "legs": false,
      "reused": false,
    },
  ],
  "crew": [],
  "date_local": "2006-03-25T10:30:00+12:00",
  "date_precision": "hour",
  "date_unix": 1143239400,
  "date_utc": "2006-03-24T22:30:00.000Z",
  "details": "Engine failure at 33 seconds and loss of vehicle",
  "failures": [
    {
      "altitude": null,
      "reason": "merlin engine failure",
      "time": 33,
    },
  ],
  "fairings": {
    "recovered": false,
    "recovery_attempt": false,
    "reused": false,
    "ships": [],
  },
  "flight_number": 1,
  "id": "5eb87cd9ffd86e000604b32a",
  "launch_library_id": null,
  "launchpad": "5e9e4502f5090995de566f86",
  "links": {
    "article": "https://www.space.com/2196-spacex-inaugural-falcon-1-rocket-lost-launch.html",
    "flickr": {
      "original": [],
      "small": [],
    },
    "patch": {
      "large": "https://images2.imgbox.com/5b/02/QcxHUb5V_o.png",
      "small": "https://images2.imgbox.com/94/f2/NN6Ph45r_o.png",
    },
    "presskit": null,
    "reddit": {
      "campaign": null,
      "launch": null,
      "media": null,
      "recovery": null,
    },
    "webcast": "https://www.youtube.com/watch?v=0a_00nJ_Y88",
    "wikipedia": "https://en.wikipedia.org/wiki/DemoSat",
    "youtube_id": "0a_00nJ_Y88",
  },
  "name": "FalconSat",
  "net": false,
  "payloads": [
    "5eb0e4b5b6c3bb0006eeb1e1",
  ],
  "rocket": "5e9d0d95eda69955f709d1eb",
  "ships": [],
  "static_fire_date_unix": 1142553600,
  "static_fire_date_utc": "2006-03-17T00:00:00.000Z",
  "success": false,
  "tbd": false,
  "upcoming": false,
  "window": 0,
}
`;

exports[`SpaceX - Launches > GET - /v5/launches 1`] = `
{
  "auto_update": true,
  "capsules": [],
  "cores": [
    {
      "core": "5e9e289df35918033d3b2623",
      "flight": 1,
      "gridfins": false,
      "landing_attempt": false,
      "landing_success": null,
      "landing_type": null,
      "landpad": null,
      "legs": false,
      "reused": false,
    },
  ],
  "crew": [],
  "date_local": "2006-03-25T10:30:00+12:00",
  "date_precision": "hour",
  "date_unix": 1143239400,
  "date_utc": "2006-03-24T22:30:00.000Z",
  "details": "Engine failure at 33 seconds and loss of vehicle",
  "failures": [
    {
      "altitude": null,
      "reason": "merlin engine failure",
      "time": 33,
    },
  ],
  "fairings": {
    "recovered": false,
    "recovery_attempt": false,
    "reused": false,
    "ships": [],
  },
  "flight_number": 1,
  "id": "5eb87cd9ffd86e000604b32a",
  "launch_library_id": null,
  "launchpad": "5e9e4502f5090995de566f86",
  "links": {
    "article": "https://www.space.com/2196-spacex-inaugural-falcon-1-rocket-lost-launch.html",
    "flickr": {
      "original": [],
      "small": [],
    },
    "patch": {
      "large": "https://images2.imgbox.com/5b/02/QcxHUb5V_o.png",
      "small": "https://images2.imgbox.com/94/f2/NN6Ph45r_o.png",
    },
    "presskit": null,
    "reddit": {
      "campaign": null,
      "launch": null,
      "media": null,
      "recovery": null,
    },
    "webcast": "https://www.youtube.com/watch?v=0a_00nJ_Y88",
    "wikipedia": "https://en.wikipedia.org/wiki/DemoSat",
    "youtube_id": "0a_00nJ_Y88",
  },
  "name": "FalconSat",
  "net": false,
  "payloads": [
    "5eb0e4b5b6c3bb0006eeb1e1",
  ],
  "rocket": "5e9d0d95eda69955f709d1eb",
  "ships": [],
  "static_fire_date_unix": 1142553600,
  "static_fire_date_utc": "2006-03-17T00:00:00.000Z",
  "success": false,
  "tbd": false,
  "upcoming": false,
  "window": 0,
}
`;

exports[`SpaceX - Launches > GET - /v5/launches/:id 1`] = `
{
  "auto_update": true,
  "capsules": [],
  "cores": [
    {
      "core": "5e9e289df35918033d3b2623",
      "flight": 1,
      "gridfins": false,
      "landing_attempt": false,
      "landing_success": null,
      "landing_type": null,
      "landpad": null,
      "legs": false,
      "reused": false,
    },
  ],
  "crew": [],
  "date_local": "2006-03-25T10:30:00+12:00",
  "date_precision": "hour",
  "date_unix": 1143239400,
  "date_utc": "2006-03-24T22:30:00.000Z",
  "details": "Engine failure at 33 seconds and loss of vehicle",
  "failures": [
    {
      "altitude": null,
      "reason": "merlin engine failure",
      "time": 33,
    },
  ],
  "fairings": {
    "recovered": false,
    "recovery_attempt": false,
    "reused": false,
    "ships": [],
  },
  "flight_number": 1,
  "id": "5eb87cd9ffd86e000604b32a",
  "launch_library_id": null,
  "launchpad": "5e9e4502f5090995de566f86",
  "links": {
    "article": "https://www.space.com/2196-spacex-inaugural-falcon-1-rocket-lost-launch.html",
    "flickr": {
      "original": [],
      "small": [],
    },
    "patch": {
      "large": "https://images2.imgbox.com/5b/02/QcxHUb5V_o.png",
      "small": "https://images2.imgbox.com/94/f2/NN6Ph45r_o.png",
    },
    "presskit": null,
    "reddit": {
      "campaign": null,
      "launch": null,
      "media": null,
      "recovery": null,
    },
    "webcast": "https://www.youtube.com/watch?v=0a_00nJ_Y88",
    "wikipedia": "https://en.wikipedia.org/wiki/DemoSat",
    "youtube_id": "0a_00nJ_Y88",
  },
  "name": "FalconSat",
  "net": false,
  "payloads": [
    "5eb0e4b5b6c3bb0006eeb1e1",
  ],
  "rocket": "5e9d0d95eda69955f709d1eb",
  "ships": [],
  "static_fire_date_unix": 1142553600,
  "static_fire_date_utc": "2006-03-17T00:00:00.000Z",
  "success": false,
  "tbd": false,
  "upcoming": false,
  "window": 0,
}
`;
