// Vitest Snapshot v1, https://vitest.dev/guide/snapshot.html

exports[`SpaceX - Payloads > GET - /v4/payloads 1`] = `
{
  "apoapsis_km": 500,
  "arg_of_pericenter": null,
  "customers": [
    "DARPA",
  ],
  "dragon": {
    "capsule": null,
    "flight_time_sec": null,
    "land_landing": null,
    "manifest": null,
    "mass_returned_kg": null,
    "mass_returned_lbs": null,
    "water_landing": null,
  },
  "eccentricity": null,
  "epoch": null,
  "id": "5eb0e4b5b6c3bb0006eeb1e1",
  "inclination_deg": 39,
  "launch": "5eb87cd9ffd86e000604b32a",
  "lifespan_years": null,
  "longitude": null,
  "manufacturers": [
    "SSTL",
  ],
  "mass_kg": 20,
  "mass_lbs": 43,
  "mean_anomaly": null,
  "mean_motion": null,
  "name": "FalconSAT-2",
  "nationalities": [
    "United States",
  ],
  "norad_ids": [],
  "orbit": "LEO",
  "periapsis_km": 400,
  "period_min": null,
  "raan": null,
  "reference_system": "geocentric",
  "regime": "low-earth",
  "reused": false,
  "semi_major_axis_km": null,
  "type": "Satellite",
}
`;

exports[`SpaceX - Payloads > GET - /v4/payloads/:id 1`] = `
{
  "apoapsis_km": 500,
  "arg_of_pericenter": null,
  "customers": [
    "DARPA",
  ],
  "dragon": {
    "capsule": null,
    "flight_time_sec": null,
    "land_landing": null,
    "manifest": null,
    "mass_returned_kg": null,
    "mass_returned_lbs": null,
    "water_landing": null,
  },
  "eccentricity": null,
  "epoch": null,
  "id": "5eb0e4b5b6c3bb0006eeb1e1",
  "inclination_deg": 39,
  "launch": "5eb87cd9ffd86e000604b32a",
  "lifespan_years": null,
  "longitude": null,
  "manufacturers": [
    "SSTL",
  ],
  "mass_kg": 20,
  "mass_lbs": 43,
  "mean_anomaly": null,
  "mean_motion": null,
  "name": "FalconSAT-2",
  "nationalities": [
    "United States",
  ],
  "norad_ids": [],
  "orbit": "LEO",
  "periapsis_km": 400,
  "period_min": null,
  "raan": null,
  "reference_system": "geocentric",
  "regime": "low-earth",
  "reused": false,
  "semi_major_axis_km": null,
  "type": "Satellite",
}
`;
