// Vitest Snapshot v1, https://vitest.dev/guide/snapshot.html

exports[`SpaceX - Ships > GET - /v4/ships 1`] = `
{
  "abs": 571252,
  "active": false,
  "class": 7604342,
  "course_deg": null,
  "home_port": "Port of Los Angeles",
  "id": "5ea6ed2d080df4000697c901",
  "image": "https://i.imgur.com/woCxpkj.jpg",
  "imo": 7434016,
  "last_ais_update": null,
  "latitude": null,
  "launches": [
    "5eb87cdeffd86e000604b330",
    "5eb87cdfffd86e000604b331",
  ],
  "legacy_id": "AMERICANCHAMPION",
  "link": "https://www.marinetraffic.com/en/ais/details/ships/shipid:434663/mmsi:367020820/imo:7434016/vessel:AMERICAN_CHAMPION",
  "longitude": null,
  "mass_kg": 266712,
  "mass_lbs": 588000,
  "mmsi": 367020820,
  "model": null,
  "name": "American Champion",
  "roles": [
    "Support Ship",
    "Barge Tug",
  ],
  "speed_kn": null,
  "status": "",
  "type": "Tug",
  "year_built": 1976,
}
`;

exports[`SpaceX - Ships > GET - /v4/ships/:id 1`] = `
{
  "abs": 571252,
  "active": false,
  "class": 7604342,
  "course_deg": null,
  "home_port": "Port of Los Angeles",
  "id": "5ea6ed2d080df4000697c901",
  "image": "https://i.imgur.com/woCxpkj.jpg",
  "imo": 7434016,
  "last_ais_update": null,
  "latitude": null,
  "launches": [
    "5eb87cdeffd86e000604b330",
    "5eb87cdfffd86e000604b331",
  ],
  "legacy_id": "AMERICANCHAMPION",
  "link": "https://www.marinetraffic.com/en/ais/details/ships/shipid:434663/mmsi:367020820/imo:7434016/vessel:AMERICAN_CHAMPION",
  "longitude": null,
  "mass_kg": 266712,
  "mass_lbs": 588000,
  "mmsi": 367020820,
  "model": null,
  "name": "American Champion",
  "roles": [
    "Support Ship",
    "Barge Tug",
  ],
  "speed_kn": null,
  "status": "",
  "type": "Tug",
  "year_built": 1976,
}
`;
